git clone https://github.com/muruganashokkumar/Powershell-Modules.git
git branch
PS C:\Users\cloud_user\desktop\Powershell-Modules> git branch
* main
PS C:\Users\cloud_user\desktop\Powershell-Modules> git branch Ashok
PS C:\Users\cloud_user\desktop\Powershell-Modules> git branch
  Ashok
* main
PS C:\Users\cloud_user\desktop\Powershell-Modules> git checkout Ashok
Switched to branch 'Ashok'
PS C:\Users\cloud_user\desktop\Powershell-Modules> git branch

PS C:\Users\cloud_user> git
usage: git [-v | --version] [-h | --help] [-C <path>] [-c <name>=<value>]           [--exec-path[=<path>]] [--html-path] [--man-path] [--info-path]
           [-p | --paginate | -P | --no-pager] [--no-replace-objects] [--no-lazy-fetch]
           [--no-optional-locks] [--no-advice] [--bare] [--git-dir=<path>]
           [--work-tree=<path>] [--namespace=<name>] [--config-env=<name>=<envvar>]
           <command> [<args>]

These are common Git commands used in various situations:

start a working area (see also: git help tutorial)
   clone      Clone a repository into a new directory
   init       Create an empty Git repository or reinitialize an existing one

work on the current change (see also: git help everyday)
   add        Add file contents to the index
   mv         Move or rename a file, a directory, or a symlink
   restore    Restore working tree files
   rm         Remove files from the working tree and from the index

examine the history and state (see also: git help revisions)
   bisect     Use binary search to find the commit that introduced a bug
   diff       Show changes between commits, commit and working tree, etc 
   grep       Print lines matching a pattern
   log        Show commit logs
   show       Show various types of objects
   status     Show the working tree status

grow, mark and tweak your common history
   backfill   Download missing objects in a partial clone
   branch     List, create, or delete branches
   commit     Record changes to the repository
   merge      Join two or more development histories together
   rebase     Reapply commits on top of another base tip
   reset      Reset current HEAD to the specified state
   switch     Switch branches
   tag        Create, list, delete or verify a tag object signed with GPG

collaborate (see also: git help workflows)
   fetch      Download objects and refs from another repository
   pull       Fetch from and integrate with another repository or a local branch
   push       Update remote refs along with associated objects

'git help -a' and 'git help -g' list available subcommands and some
concept guides. See 'git help <command>' or 'git help <concept>'
to read about a specific subcommand or concept.
See 'git help git' for an overview of the system.
PS C:\Users\cloud_user> cd desktop
PS C:\Users\cloud_user\desktop> git clone https://github.com/muruganashokkumar/Powershell-Modules.git
Cloning into 'Powershell-Modules'...
remote: Enumerating objects: 3, done.
remote: Counting objects: 100% (3/3), done.
remote: Total 3 (delta 0), reused 0 (delta 0), pack-reused 0 (from 0)
Receiving objects: 100% (3/3), done.
PS C:\Users\cloud_user\desktop> cd .\Powershell-Modules\
PS C:\Users\cloud_user\desktop\Powershell-Modules> ls


    Directory: C:\Users\cloud_user\desktop\Powershell-Modules


Mode                 LastWriteTime         Length Name
----                 -------------         ------ ----
-a----        12/17/2024   6:07 AM             53 add.ps1
-a----        12/17/2024   6:02 AM             69 Git_Reference.txt
-a----        12/17/2024   6:00 AM             42 README.md


PS C:\Users\cloud_user\desktop\Powershell-Modules> git branch
* main
PS C:\Users\cloud_user\desktop\Powershell-Modules> git branch Ashok
PS C:\Users\cloud_user\desktop\Powershell-Modules> git branch
  Ashok
* main
PS C:\Users\cloud_user\desktop\Powershell-Modules> git checkout Ashok
Switched to branch 'Ashok'
PS C:\Users\cloud_user\desktop\Powershell-Modules> git branch
* Ashok
  main
PS C:\Users\cloud_user\desktop\Powershell-Modules> ^C
PS C:\Users\cloud_user\desktop\Powershell-Modules> git status
On branch Ashok
Untracked files:
  (use "git add <file>..." to include in what will be committed)
        Git_Reference.txt
        add.ps1

nothing added to commit but untracked files present (use "git add" to track)
PS C:\Users\cloud_user\desktop\Powershell-Modules> git add add.ps1
PS C:\Users\cloud_user\desktop\Powershell-Modules> git status     
On branch Ashok
Changes to be committed:
  (use "git restore --staged <file>..." to unstage)
        new file:   add.ps1

Untracked files:
  (use "git add <file>..." to include in what will be committed)
        Git_Reference.txt

PS C:\Users\cloud_user\desktop\Powershell-Modules> git add *      
PS C:\Users\cloud_user\desktop\Powershell-Modules> git status
On branch Ashok
Changes to be committed:
  (use "git restore --staged <file>..." to unstage)
        new file:   Git_Reference.txt
        new file:   add.ps1

PS C:\Users\cloud_user\desktop\Powershell-Modules> git commit -m
error: switch `m' requires a value
PS C:\Users\cloud_user\desktop\Powershell-Modules> git commit -m "Adding two files"
Author identity unknown

*** Please tell me who you are.

Run

  git config --global user.email "you@example.com"
  git config --global user.name "Your Name"

to set your account's default identity.
Omit --global to set the identity only in this repository.

fatal: unable to auto-detect email address (got 'cloud_user@EC2AMAZ-4D59S6B.(none)')
PS C:\Users\cloud_user\desktop\Powershell-Modules> git config user.name "cloud_user"
PS C:\Users\cloud_user\desktop\Powershell-Modules> git config user.email "murugan.ashok@gmail.com"
PS C:\Users\cloud_user\desktop\Powershell-Modules> git commit -m "Adding two files" 
[Ashok bd11fe9] Adding two files
 2 files changed, 18 insertions(+)
 create mode 100644 Git_Reference.txt
 create mode 100644 add.ps1
PS C:\Users\cloud_user\desktop\Powershell-Modules> git branch
* Ashok
  main
PS C:\Users\cloud_user\desktop\Powershell-Modules> git push   
fatal: The current branch Ashok has no upstream branch.
To push the current branch and set the remote as upstream, use

    git push --set-upstream origin Ashok

To have this happen automatically for branches without a tracking
upstream, see 'push.autoSetupRemote' in 'git help config'.

PS C:\Users\cloud_user\desktop\Powershell-Modules> git push -u origin Ashok
info: please complete authentication in your browser...
Enumerating objects: 5, done.
Counting objects: 100% (5/5), done.
Delta compression using up to 2 threads
Compressing objects: 100% (3/3), done.
Writing objects: 100% (4/4), 529 bytes | 105.00 KiB/s, done.
Total 4 (delta 0), reused 0 (delta 0), pack-reused 0 (from 0)
remote: 
remote: Create a pull request for 'Ashok' on GitHub by visiting:
remote:      https://github.com/muruganashokkumar/Powershell-Modules/pull/new/Ashok
remote:
To https://github.com/muruganashokkumar/Powershell-Modules.git
 * [new branch]      Ashok -> Ashok
branch 'Ashok' set up to track 'origin/Ashok'.
PS C:\Users\cloud_user\desktop\Powershell-Modules> 